<?xml version="1.0" encoding="utf-8"?><testsuites><testsuite name="pytest" errors="0" failures="1" skipped="0" tests="115" time="1.462" timestamp="2026-03-27T06:12:35.347016" hostname="calfe"><testcase classname="tests.integration.test_cart_api.TestCart" name="test_ajout_produit_au_panier" time="0.088" /><testcase classname="tests.integration.test_cart_api.TestCart" name="test_sous_total_calcule" time="0.017" /><testcase classname="tests.integration.test_cart_api.TestCart" name="test_ajout_stock_insuffisant_400" time="0.007" /><testcase classname="tests.integration.test_cart_api.TestCart" name="test_ajout_meme_produit_incremente_quantite" time="0.025" /><testcase classname="tests.integration.test_cart_api.TestCart" name="test_vider_panier" time="0.023" /><testcase classname="tests.integration.test_faker_products.TestProductsAvecFaker" name="test_creation_donnees_faker" time="0.014" /><testcase classname="tests.integration.test_faker_products.TestProductsAvecFaker" name="test_liste_avec_multiple_produits" time="0.074" /><testcase classname="tests.integration.test_faker_products.TestProductsAvecFaker" name="test_validation_prix[0.0-True]" time="0.003" /><testcase classname="tests.integration.test_faker_products.TestProductsAvecFaker" name="test_validation_prix[-1.0-True]" time="0.003" /><testcase classname="tests.integration.test_faker_products.TestProductsAvecFaker" name="test_validation_prix[0.01-False]" time="0.005" /><testcase classname="tests.integration.test_faker_products.TestProductsAvecFaker" name="test_validation_prix[9999.99-False]" time="0.004" /><testcase classname="tests.integration.test_faker_products.TestProductsAvecFaker" name="test_noms_longs" time="0.009" /><testcase classname="tests.integration.test_health.TestHealth" name="test_health_ok" time="0.009" /><testcase classname="tests.integration.test_health.TestHealth" name="test_root_accessible" time="0.002" /><testcase classname="tests.integration.test_health.TestHealth" name="test_docs_swagger_accessible" time="0.002" /><testcase classname="tests.integration.test_health.TestHealth" name="test_openapi_json_accessible" time="0.026" /><testcase classname="tests.integration.test_orders_api.TestOrders" name="test_creation_commande_valide" time="0.037" /><testcase classname="tests.integration.test_orders_api.TestOrders" name="test_total_ttc_correct" time="0.020" /><testcase classname="tests.integration.test_orders_api.TestOrders" name="test_commande_decremente_stock" time="0.023" /><testcase classname="tests.integration.test_orders_api.TestOrders" name="test_commande_vide_le_panier" time="0.021" /><testcase classname="tests.integration.test_orders_api.TestOrders" name="test_panier_vide_retourne_400" time="0.003" /><testcase classname="tests.integration.test_orders_api.TestOrders" name="test_commande_avec_coupon" time="0.028" /><testcase classname="tests.integration.test_orders_api.TestOrders" name="test_statut_pending_vers_confirmed" time="0.024" /><testcase classname="tests.integration.test_orders_api.TestOrders" name="test_transition_invalide_400" time="0.023" /><testcase classname="tests.integration.test_orders_api.TestOrders" name="test_coupon_inexistant_retourne_404" time="0.016"><failure message="AssertionError: assert 'FAKECODE' in 'Coupon non trouvé ou inactif'">self = &lt;tests.integration.test_orders_api.TestOrders object at 0x10c0eef10&gt;
client = &lt;starlette.testclient.TestClient object at 0x10c421490&gt;

    def test_coupon_inexistant_retourne_404(self, client):
        """Un coupon inexistant lors de la commande → 404."""
        # 1) créer un panier avec un produit
        p = client.post('/products/', json={'name': 'P', 'price': 20.0, 'stock': 5}).json()
        client.post(f'/cart/?user_id=300', json={'product_id': p['id'], 'quantity': 1})
    
        # 2) tenter de créer une commande avec un coupon_code inexistant
        response = client.post('/orders/', json={
            'user_id': 300,
            'coupon_code': 'FAKECODE'   # coupon inexistant
        })
    
        # 3) vérifier que la réponse est 404 et que le message d'erreur mentionne le code du coupon inexistant
        assert response.status_code == 404
&gt;       assert 'FAKECODE' in response.json()['detail']  # message d'erreur précis
E       AssertionError: assert 'FAKECODE' in 'Coupon non trouvé ou inactif'

tests/integration/test_orders_api.py:91: AssertionError</failure></testcase><testcase classname="tests.integration.test_orders_api.TestOrders" name="test_get_commande_par_id" time="0.028" /><testcase classname="tests.integration.test_products_api.TestListProducts" name="test_liste_vide_au_demarrage" time="0.012" /><testcase classname="tests.integration.test_products_api.TestListProducts" name="test_produit_cree_apparait_dans_liste" time="0.013" /><testcase classname="tests.integration.test_products_api.TestListProducts" name="test_filtre_par_categorie" time="0.009" /><testcase classname="tests.integration.test_products_api.TestListProducts" name="test_pagination_limit" time="0.022" /><testcase classname="tests.integration.test_products_api.TestListProducts" name="test_pagination_skip" time="0.004" /><testcase classname="tests.integration.test_products_api.TestGetProduct" name="test_get_produit_existant" time="0.014" /><testcase classname="tests.integration.test_products_api.TestGetProduct" name="test_get_produit_inexistant_retourne_404" time="0.004" /><testcase classname="tests.integration.test_products_api.TestGetProduct" name="test_schema_complet" time="0.012" /><testcase classname="tests.integration.test_products_api.TestCreateProduct" name="test_creation_valide" time="0.005" /><testcase classname="tests.integration.test_products_api.TestCreateProduct" name="test_creation_prix_negatif_422" time="0.003" /><testcase classname="tests.integration.test_products_api.TestCreateProduct" name="test_creation_nom_vide_422" time="0.003" /><testcase classname="tests.integration.test_products_api.TestCreateProduct" name="test_creation_stock_negatif_422" time="0.003" /><testcase classname="tests.integration.test_products_api.TestCreateProduct" name="test_active_true_par_defaut" time="0.005" /><testcase classname="tests.integration.test_products_api.TestUpdateDeleteProduct" name="test_mise_a_jour_prix" time="0.013" /><testcase classname="tests.integration.test_products_api.TestUpdateDeleteProduct" name="test_mise_a_jour_stock" time="0.014" /><testcase classname="tests.integration.test_products_api.TestUpdateDeleteProduct" name="test_suppression_soft_delete" time="0.010" /><testcase classname="tests.integration.test_products_api.TestUpdateDeleteProduct" name="test_filtre_prix_min_max" time="0.020" /><testcase classname="tests.test_pricing_complete.TestCalculPrixTtc" name="test_prix_normal" time="0.001" /><testcase classname="tests.test_pricing_complete.TestCalculPrixTtc" name="test_prix_zero" time="0.001" /><testcase classname="tests.test_pricing_complete.TestCalculPrixTtc" name="test_arrondi_deux_decimales" time="0.000" /><testcase classname="tests.test_pricing_complete.TestCalculPrixTtc" name="test_prix_negatif_leve_exception" time="0.001" /><testcase classname="tests.test_pricing_complete.TestCalculPrixTtc" name="test_parametrise[50.0-60.0]" time="0.001" /><testcase classname="tests.test_pricing_complete.TestCalculPrixTtc" name="test_parametrise[199.99-239.99]" time="0.001" /><testcase classname="tests.test_pricing_complete.TestCalculPrixTtc" name="test_parametrise[0.01-0.01]" time="0.001" /><testcase classname="tests.test_pricing_complete.TestAppliquerCoupon" name="test_reduction_20_pourcent" time="0.008" /><testcase classname="tests.test_pricing_complete.TestAppliquerCoupon" name="test_coupon_inactif_leve_exception" time="0.001" /><testcase classname="tests.test_pricing_complete.TestAppliquerCoupon" name="test_reduction_invalide" time="0.001" /><testcase classname="tests.test_pricing_complete.TestAppliquerCoupon" name="test_reduction_zero_invalide" time="0.001" /><testcase classname="tests.test_pricing_complete" name="test_coupon_reductions_diverses[10-100.0-90.0]" time="0.001" /><testcase classname="tests.test_pricing_complete" name="test_coupon_reductions_diverses[50-200.0-100.0]" time="0.001" /><testcase classname="tests.test_pricing_complete" name="test_coupon_reductions_diverses[100-50.0-0.0]" time="0.001" /><testcase classname="tests.test_pricing_complete" name="test_coupon_reductions_diverses[1-100.0-99.0]" time="0.001" /><testcase classname="tests.test_pricing_complete" name="test_calculer_total_liste_vide" time="0.000" /><testcase classname="tests.test_pricing_complete" name="test_calculer_total_sans_coupon" time="0.001" /><testcase classname="tests.test_pricing_complete" name="test_calculer_total_avec_coupon" time="0.006" /><testcase classname="tests.test_pricing_complete" name="test_calculer_total_quantite_multiple" time="0.001" /><testcase classname="tests.test_pricing_complete.TestCalculerRemise" name="test_remise_20_pourcent" time="0.000" /><testcase classname="tests.test_pricing_complete.TestCalculerRemise" name="test_remise_50_pourcent" time="0.000" /><testcase classname="tests.test_pricing_complete.TestCalculerRemise" name="test_aucune_remise" time="0.000" /><testcase classname="tests.test_pricing_complete.TestCalculerRemise" name="test_remise_100_pourcent" time="0.000" /><testcase classname="tests.test_pricing_complete.TestCalculerRemise" name="test_arrondi_deux_decimales" time="0.000" /><testcase classname="tests.test_pricing_complete.TestCalculerRemise" name="test_prix_original_zero_leve_exception" time="0.000" /><testcase classname="tests.test_pricing_complete.TestCalculerRemise" name="test_prix_original_negatif_leve_exception" time="0.001" /><testcase classname="tests.test_pricing_complete.TestCalculerRemise" name="test_parametrise_remises[100.0-90.0-10.0]" time="0.001" /><testcase classname="tests.test_pricing_complete.TestCalculerRemise" name="test_parametrise_remises[200.0-150.0-25.0]" time="0.001" /><testcase classname="tests.test_pricing_complete.TestCalculerRemise" name="test_parametrise_remises[50.0-25.0-50.0]" time="0.001" /><testcase classname="tests.test_pricing_complete.TestCalculerRemise" name="test_parametrise_remises[100.0-0.0-100.0]" time="0.003" /><testcase classname="tests.test_pricing_old.TestCalculPrixTtc" name="test_prix_normal" time="0.000" /><testcase classname="tests.test_pricing_old.TestCalculPrixTtc" name="test_prix_zero" time="0.000" /><testcase classname="tests.test_pricing_old.TestCalculPrixTtc" name="test_arrondi_deux_decimales" time="0.000" /><testcase classname="tests.test_pricing_old.TestCalculPrixTtc" name="test_prix_negatif_leve_exception" time="0.000" /><testcase classname="tests.test_pricing_old.TestCalculPrixTtc" name="test_parametrise[50.0-60.0]" time="0.001" /><testcase classname="tests.test_pricing_old.TestCalculPrixTtc" name="test_parametrise[199.99-239.99]" time="0.001" /><testcase classname="tests.test_pricing_old.TestCalculPrixTtc" name="test_parametrise[0.01-0.01]" time="0.001" /><testcase classname="tests.test_pricing_old.TestAppliquerCoupon" name="test_reduction_20_pourcent" time="0.008" /><testcase classname="tests.test_pricing_old.TestAppliquerCoupon" name="test_coupon_inactif_leve_exception" time="0.001" /><testcase classname="tests.test_pricing_old.TestAppliquerCoupon" name="test_reduction_invalide" time="0.002" /><testcase classname="tests.test_pricing_old" name="test_coupon_reductions_diverses[10-100.0-90.0]" time="0.001" /><testcase classname="tests.test_pricing_old" name="test_coupon_reductions_diverses[50-200.0-100.0]" time="0.001" /><testcase classname="tests.test_pricing_old" name="test_coupon_reductions_diverses[100-50.0-0.0]" time="0.001" /><testcase classname="tests.test_pricing_old" name="test_coupon_reductions_diverses[1-100.0-99.0]" time="0.002" /><testcase classname="tests.test_pricing_old" name="test_calculer_total_avec_coupon" time="0.007" /><testcase classname="tests.unit.test_pricing.TestCalculPrixTtc" name="test_prix_normal" time="0.001" /><testcase classname="tests.unit.test_pricing.TestCalculPrixTtc" name="test_prix_zero" time="0.000" /><testcase classname="tests.unit.test_pricing.TestCalculPrixTtc" name="test_arrondi_deux_decimales" time="0.000" /><testcase classname="tests.unit.test_pricing.TestCalculPrixTtc" name="test_prix_negatif_leve_exception" time="0.000" /><testcase classname="tests.unit.test_pricing.TestCalculPrixTtc" name="test_parametrise[50.0-60.0]" time="0.002" /><testcase classname="tests.unit.test_pricing.TestCalculPrixTtc" name="test_parametrise[199.99-239.99]" time="0.001" /><testcase classname="tests.unit.test_pricing.TestCalculPrixTtc" name="test_parametrise[0.01-0.01]" time="0.001" /><testcase classname="tests.unit.test_pricing.TestAppliquerCoupon" name="test_reduction_20_pourcent" time="0.007" /><testcase classname="tests.unit.test_pricing.TestAppliquerCoupon" name="test_coupon_inactif_leve_exception" time="0.001" /><testcase classname="tests.unit.test_pricing.TestAppliquerCoupon" name="test_reduction_invalide" time="0.002" /><testcase classname="tests.unit.test_pricing" name="test_coupon_reductions_diverses[10-100.0-90.0]" time="0.002" /><testcase classname="tests.unit.test_pricing" name="test_coupon_reductions_diverses[50-200.0-100.0]" time="0.001" /><testcase classname="tests.unit.test_pricing" name="test_coupon_reductions_diverses[100-50.0-0.0]" time="0.001" /><testcase classname="tests.unit.test_pricing" name="test_coupon_reductions_diverses[1-100.0-99.0]" time="0.001" /><testcase classname="tests.unit.test_pricing" name="test_calculer_total_avec_coupon" time="0.007" /><testcase classname="tests.unit.test_stock.TestVerifierStock" name="test_stock_suffisant" time="0.008" /><testcase classname="tests.unit.test_stock.TestVerifierStock" name="test_stock_insuffisant" time="0.002" /><testcase classname="tests.unit.test_stock.TestVerifierStock" name="test_stock_exactement_disponible" time="0.002" /><testcase classname="tests.unit.test_stock.TestVerifierStock" name="test_quantite_zero_leve_exception" time="0.002" /><testcase classname="tests.unit.test_stock.TestVerifierStock" name="test_quantite_negative_leve_exception" time="0.015" /><testcase classname="tests.unit.test_stock.TestReserverStock" name="test_reservation_reussie" time="0.027" /><testcase classname="tests.unit.test_stock.TestReserverStock" name="test_reservation_verifie_cle_redis" time="0.019" /><testcase classname="tests.unit.test_stock.TestReserverStock" name="test_stock_insuffisant_leve_exception" time="0.004" /><testcase classname="tests.unit.test_stock.TestReserverStock" name="test_stock_insuffisant_ne_modifie_pas_bdd" time="0.014" /><testcase classname="tests.unit.test_stock.TestReserverStock" name="test_redis_non_appele_si_exception" time="0.003" /><testcase classname="tests.unit.test_stock.TestReserverStock" name="test_liberation_stock" time="0.005" /><testcase classname="tests.unit.test_stock.TestReserverStock" name="test_liberation_verifie_arguments_redis" time="0.011" /></testsuite></testsuites>